Compiling 35 files with Solc 0.8.33
Solc 0.8.33 finished in 1.37s
